Starting job 4073283 on gpu-11 on Fox at Thu Aug 20 23:25:54 CEST 2026

[progress] 20 predictions written
[progress] 40 predictions written
[progress] 60 predictions written
[progress] 80 predictions written
[progress] 100 predictions written
[progress] 120 predictions written
[progress] 140 predictions written
[progress] 160 predictions written
[progress] 180 predictions written
[progress] 200 predictions written
[progress] 220 predictions written
[progress] 240 predictions written
[progress] 260 predictions written
[progress] 280 predictions written
[progress] 300 predictions written
[progress] 320 predictions written
[progress] 340 predictions written
[progress] 360 predictions written
[progress] 380 predictions written
[progress] 400 predictions written
[progress] 420 predictions written
[progress] 440 predictions written
[progress] 460 predictions written
[progress] 480 predictions written
[progress] 500 predictions written
Saved conversation log to data/predictions/deepseek_8b_cot1024_sub64_seed4_predictions_conversations.jsonl
Saved predictions to data/predictions/deepseek_8b_cot1024_sub64_seed4_predictions.jsonl

─── role=adult  gold=classical  n=136  acc=0.426  macro_F1=0.351  C_usage=0.338 ───
  Confusion matrix (rows=gold, cols=pred):
        pred=  A  pred=  B  pred=  C   support
  gold=A        7        0        0         7
  gold=B        0        6        1         7
  gold=C       50       27       45       122
                prec    recall        F1
  A(Yes   )     0.123     1.000     0.219
  B(No    )     0.182     0.857     0.300
  C(Cannot)     0.978     0.369     0.536

─── role=adult  gold=wcs  n=136  acc=0.412  macro_F1=0.320  C_usage=0.338 ───
  Confusion matrix (rows=gold, cols=pred):
        pred=  A  pred=  B  pred=  C   support
  gold=A        5        0        0         5
  gold=B        0        5        0         5
  gold=C       52       28       46       126
                prec    recall        F1
  A(Yes   )     0.088     1.000     0.161
  B(No    )     0.152     1.000     0.263
  C(Cannot)     1.000     0.365     0.535

─── role=child  gold=classical  n=136  acc=0.471  macro_F1=0.471  C_usage=0.250 ───
  Confusion matrix (rows=gold, cols=pred):
        pred=  A  pred=  B  pred=  C   support
  gold=A       16        0        1        17
  gold=B        0       16        1        17
  gold=C       36       34       32       102
                prec    recall        F1
  A(Yes   )     0.308     0.941     0.464
  B(No    )     0.320     0.941     0.478
  C(Cannot)     0.941     0.314     0.471

─── role=child  gold=wcs  n=136  acc=0.360  macro_F1=0.323  C_usage=0.250 ───
  Confusion matrix (rows=gold, cols=pred):
        pred=  A  pred=  B  pred=  C   support
  gold=A        8        0        0         8
  gold=B        0        8        1         9
  gold=C       44       42       33       119
                prec    recall        F1
  A(Yes   )     0.154     1.000     0.267
  B(No    )     0.160     0.889     0.271
  C(Cannot)     0.971     0.277     0.431

─── role=none  gold=classical  n=88  acc=0.557  macro_F1=0.394  C_usage=0.511 ───
  Confusion matrix (rows=gold, cols=pred):
        pred=  A  pred=  B  pred=  C   support
  gold=A        3        0        1         4
  gold=B        0        3        1         4
  gold=C       24       13       43        80
                prec    recall        F1
  A(Yes   )     0.111     0.750     0.194
  B(No    )     0.188     0.750     0.300
  C(Cannot)     0.956     0.537     0.688

─── role=none  gold=wcs  n=88  acc=0.466  macro_F1=0.251  C_usage=0.511 ───
  Confusion matrix (rows=gold, cols=pred):
        pred=  A  pred=  B  pred=  C   support
  gold=A        2        0        2         4
  gold=B        0        0        4         4
  gold=C       25       16       39        80
                prec    recall        F1
  A(Yes   )     0.074     0.500     0.129
  B(No    )     0.000     0.000     0.000
  C(Cannot)     0.867     0.487     0.624

─── role=teen  gold=classical  n=152  acc=0.368  macro_F1=0.334  C_usage=0.257 ───
  Confusion matrix (rows=gold, cols=pred):
        pred=  A  pred=  B  pred=  C   support
  gold=A       10        1        0        11
  gold=B        0        9        2        11
  gold=C       49       44       37       130
                prec    recall        F1
  A(Yes   )     0.169     0.909     0.286
  B(No    )     0.167     0.818     0.277
  C(Cannot)     0.949     0.285     0.438

─── role=teen  gold=wcs  n=152  acc=0.408  macro_F1=0.389  C_usage=0.257 ───
  Confusion matrix (rows=gold, cols=pred):
        pred=  A  pred=  B  pred=  C   support
  gold=A       12        0        1        13
  gold=B        0       13        1        14
  gold=C       47       41       37       125
                prec    recall        F1
  A(Yes   )     0.203     0.923     0.333
  B(No    )     0.241     0.929     0.382
  C(Cannot)     0.949     0.296     0.451

Saved metrics to outputs/deepseek_8b_cot1024_sub64_seed4_outputs_log.csv

Job 4073283 consumed 68.8 billing hours from project ec403.

Submitted 2026-08-20T23:25:52; waited 2.0 seconds in the queue after becoming eligible to run.

Requested wallclock time: 10.0 hours
Elapsed wallclock time:   3.6 hours

Job exited normally.

Task and CPU statistics:
ID             CPUs  Tasks  CPU util                Start  Elapsed  Exit status
4073283           4            0.0 %  2026-08-20T23:25:54    3.6 h  0
4073283.batch     4      1    24.7 %  2026-08-20T23:25:54    3.6 h  0

Used CPU time:   3.6 CPU hours
Unused CPU time: 10.9 CPU hours

Memory statistics, in GiB:
ID              Alloc   Usage
4073283          40.0        
4073283.batch    40.0     6.3

Job 4073283 completed at Fri Aug 21 03:03:06 CEST 2026
