Starting job 4073280 on gpu-5 on Fox at Thu Aug 20 23:25:54 CEST 2026

[progress] 20 predictions written
[progress] 40 predictions written
[progress] 60 predictions written
[progress] 80 predictions written
[progress] 100 predictions written
[progress] 120 predictions written
[progress] 140 predictions written
[progress] 160 predictions written
[progress] 180 predictions written
[progress] 200 predictions written
[progress] 220 predictions written
[progress] 240 predictions written
[progress] 260 predictions written
[progress] 280 predictions written
[progress] 300 predictions written
[progress] 320 predictions written
[progress] 340 predictions written
[progress] 360 predictions written
[progress] 380 predictions written
[progress] 400 predictions written
[progress] 420 predictions written
[progress] 440 predictions written
[progress] 460 predictions written
[progress] 480 predictions written
[progress] 500 predictions written
Saved conversation log to data/predictions/deepseek_8b_cot1024_sub64_seed1_predictions_conversations.jsonl
Saved predictions to data/predictions/deepseek_8b_cot1024_sub64_seed1_predictions.jsonl

─── role=adult  gold=classical  n=136  acc=0.434  macro_F1=0.351  C_usage=0.346 ───
  Confusion matrix (rows=gold, cols=pred):
        pred=  A  pred=  B  pred=  C   support
  gold=A        7        0        0         7
  gold=B        0        6        1         7
  gold=C       45       31       46       122
                prec    recall        F1
  A(Yes   )     0.135     1.000     0.237
  B(No    )     0.162     0.857     0.273
  C(Cannot)     0.979     0.377     0.544

─── role=adult  gold=wcs  n=136  acc=0.419  macro_F1=0.319  C_usage=0.346 ───
  Confusion matrix (rows=gold, cols=pred):
        pred=  A  pred=  B  pred=  C   support
  gold=A        5        0        0         5
  gold=B        0        5        0         5
  gold=C       47       32       47       126
                prec    recall        F1
  A(Yes   )     0.096     1.000     0.175
  B(No    )     0.135     1.000     0.238
  C(Cannot)     1.000     0.373     0.543

─── role=child  gold=classical  n=136  acc=0.449  macro_F1=0.451  C_usage=0.221 ───
  Confusion matrix (rows=gold, cols=pred):
        pred=  A  pred=  B  pred=  C   support
  gold=A       16        1        0        17
  gold=B        0       16        1        17
  gold=C       38       35       29       102
                prec    recall        F1
  A(Yes   )     0.296     0.941     0.451
  B(No    )     0.308     0.941     0.464
  C(Cannot)     0.967     0.284     0.439

─── role=child  gold=wcs  n=136  acc=0.346  macro_F1=0.319  C_usage=0.221 ───
  Confusion matrix (rows=gold, cols=pred):
        pred=  A  pred=  B  pred=  C   support
  gold=A        8        0        0         8
  gold=B        0        9        0         9
  gold=C       46       43       30       119
                prec    recall        F1
  A(Yes   )     0.148     1.000     0.258
  B(No    )     0.173     1.000     0.295
  C(Cannot)     1.000     0.252     0.403

─── role=none  gold=classical  n=88  acc=0.523  macro_F1=0.363  C_usage=0.477 ───
  Confusion matrix (rows=gold, cols=pred):
        pred=  A  pred=  B  pred=  C   support
  gold=A        4        0        0         4
  gold=B        0        2        2         4
  gold=C       25       15       40        80
                prec    recall        F1
  A(Yes   )     0.138     1.000     0.242
  B(No    )     0.118     0.500     0.190
  C(Cannot)     0.952     0.500     0.656

─── role=none  gold=wcs  n=88  acc=0.477  macro_F1=0.300  C_usage=0.477 ───
  Confusion matrix (rows=gold, cols=pred):
        pred=  A  pred=  B  pred=  C   support
  gold=A        3        0        1         4
  gold=B        0        1        3         4
  gold=C       26       16       38        80
                prec    recall        F1
  A(Yes   )     0.103     0.750     0.182
  B(No    )     0.059     0.250     0.095
  C(Cannot)     0.905     0.475     0.623

─── role=teen  gold=classical  n=152  acc=0.414  macro_F1=0.386  C_usage=0.270 ───
  Confusion matrix (rows=gold, cols=pred):
        pred=  A  pred=  B  pred=  C   support
  gold=A       11        0        0        11
  gold=B        0       11        0        11
  gold=C       51       37       41       129
                prec    recall        F1
  A(Yes   )     0.177     1.000     0.301
  B(No    )     0.229     1.000     0.373
  C(Cannot)     1.000     0.318     0.482

─── role=teen  gold=wcs  n=152  acc=0.428  macro_F1=0.408  C_usage=0.270 ───
  Confusion matrix (rows=gold, cols=pred):
        pred=  A  pred=  B  pred=  C   support
  gold=A       12        1        0        13
  gold=B        0       13        1        14
  gold=C       50       34       40       124
                prec    recall        F1
  A(Yes   )     0.194     0.923     0.320
  B(No    )     0.271     0.929     0.419
  C(Cannot)     0.976     0.323     0.485

Saved metrics to outputs/deepseek_8b_cot1024_sub64_seed1_outputs_log.csv

Job 4073280 consumed 65.8 billing hours from project ec403.

Submitted 2026-08-20T23:25:52; waited 2.0 seconds in the queue after becoming eligible to run.

Requested wallclock time: 10.0 hours
Elapsed wallclock time:   3.5 hours

Job exited normally.

Task and CPU statistics:
ID             CPUs  Tasks  CPU util                Start  Elapsed  Exit status
4073280           4            0.0 %  2026-08-20T23:25:54    3.5 h  0
4073280.batch     4      1    24.7 %  2026-08-20T23:25:54    3.5 h  0

Used CPU time:   3.4 CPU hours
Unused CPU time: 10.4 CPU hours

Memory statistics, in GiB:
ID              Alloc   Usage
4073280          40.0        
4073280.batch    40.0    16.3

Job 4073280 completed at Fri Aug 21 02:53:50 CEST 2026
