Starting job 4073281 on gpu-11 on Fox at Thu Aug 20 23:25:54 CEST 2026

[progress] 20 predictions written
[progress] 40 predictions written
[progress] 60 predictions written
[progress] 80 predictions written
[progress] 100 predictions written
[progress] 120 predictions written
[progress] 140 predictions written
[progress] 160 predictions written
[progress] 180 predictions written
[progress] 200 predictions written
[progress] 220 predictions written
[progress] 240 predictions written
[progress] 260 predictions written
[progress] 280 predictions written
[progress] 300 predictions written
[progress] 320 predictions written
[progress] 340 predictions written
[progress] 360 predictions written
[progress] 380 predictions written
[progress] 400 predictions written
[progress] 420 predictions written
[progress] 440 predictions written
[progress] 460 predictions written
[progress] 480 predictions written
[progress] 500 predictions written
Saved conversation log to data/predictions/deepseek_8b_cot1024_sub64_seed2_predictions_conversations.jsonl
Saved predictions to data/predictions/deepseek_8b_cot1024_sub64_seed2_predictions.jsonl

─── role=adult  gold=classical  n=136  acc=0.449  macro_F1=0.367  C_usage=0.346 ───
  Confusion matrix (rows=gold, cols=pred):
        pred=  A  pred=  B  pred=  C   support
  gold=A        7        0        0         7
  gold=B        0        7        0         7
  gold=C       40       35       47       122
                prec    recall        F1
  A(Yes   )     0.149     1.000     0.259
  B(No    )     0.167     1.000     0.286
  C(Cannot)     1.000     0.385     0.556

─── role=adult  gold=wcs  n=136  acc=0.404  macro_F1=0.299  C_usage=0.346 ───
  Confusion matrix (rows=gold, cols=pred):
        pred=  A  pred=  B  pred=  C   support
  gold=A        4        0        1         5
  gold=B        0        5        0         5
  gold=C       43       37       46       126
                prec    recall        F1
  A(Yes   )     0.085     0.800     0.154
  B(No    )     0.119     1.000     0.213
  C(Cannot)     0.979     0.365     0.532

─── role=child  gold=classical  n=136  acc=0.441  macro_F1=0.448  C_usage=0.235 ───
  Confusion matrix (rows=gold, cols=pred):
        pred=  A  pred=  B  pred=  C   support
  gold=A       17        0        0        17
  gold=B        0       14        3        17
  gold=C       47       26       29       102
                prec    recall        F1
  A(Yes   )     0.266     1.000     0.420
  B(No    )     0.350     0.824     0.491
  C(Cannot)     0.906     0.284     0.433

─── role=child  gold=wcs  n=136  acc=0.346  macro_F1=0.320  C_usage=0.235 ───
  Confusion matrix (rows=gold, cols=pred):
        pred=  A  pred=  B  pred=  C   support
  gold=A        8        0        0         8
  gold=B        0        8        1         9
  gold=C       56       32       31       119
                prec    recall        F1
  A(Yes   )     0.125     1.000     0.222
  B(No    )     0.200     0.889     0.327
  C(Cannot)     0.969     0.261     0.411

─── role=none  gold=classical  n=88  acc=0.523  macro_F1=0.347  C_usage=0.489 ───
  Confusion matrix (rows=gold, cols=pred):
        pred=  A  pred=  B  pred=  C   support
  gold=A        3        1        0         4
  gold=B        0        2        2         4
  gold=C       21       18       41        80
                prec    recall        F1
  A(Yes   )     0.125     0.750     0.214
  B(No    )     0.095     0.500     0.160
  C(Cannot)     0.953     0.512     0.667

─── role=none  gold=wcs  n=88  acc=0.477  macro_F1=0.289  C_usage=0.489 ───
  Confusion matrix (rows=gold, cols=pred):
        pred=  A  pred=  B  pred=  C   support
  gold=A        1        1        2         4
  gold=B        0        2        2         4
  gold=C       23       18       39        80
                prec    recall        F1
  A(Yes   )     0.042     0.250     0.071
  B(No    )     0.095     0.500     0.160
  C(Cannot)     0.907     0.487     0.634

─── role=teen  gold=classical  n=152  acc=0.355  macro_F1=0.320  C_usage=0.263 ───
  Confusion matrix (rows=gold, cols=pred):
        pred=  A  pred=  B  pred=  C   support
  gold=A       10        0        1        11
  gold=B        0        8        3        11
  gold=C       49       45       36       130
                prec    recall        F1
  A(Yes   )     0.169     0.909     0.286
  B(No    )     0.151     0.727     0.250
  C(Cannot)     0.900     0.277     0.424

─── role=teen  gold=wcs  n=152  acc=0.395  macro_F1=0.371  C_usage=0.263 ───
  Confusion matrix (rows=gold, cols=pred):
        pred=  A  pred=  B  pred=  C   support
  gold=A       11        1        1        13
  gold=B        0       12        2        14
  gold=C       48       40       37       125
                prec    recall        F1
  A(Yes   )     0.186     0.846     0.306
  B(No    )     0.226     0.857     0.358
  C(Cannot)     0.925     0.296     0.448

Saved metrics to outputs/deepseek_8b_cot1024_sub64_seed2_outputs_log.csv

Job 4073281 consumed 64.5 billing hours from project ec403.

Submitted 2026-08-20T23:25:52; waited 2.0 seconds in the queue after becoming eligible to run.

Requested wallclock time: 10.0 hours
Elapsed wallclock time:   3.4 hours

Job exited normally.

Task and CPU statistics:
ID             CPUs  Tasks  CPU util                Start  Elapsed  Exit status
4073281           4            0.0 %  2026-08-20T23:25:54    3.4 h  0
4073281.batch     4      1    24.7 %  2026-08-20T23:25:54    3.4 h  0

Used CPU time:   3.4 CPU hours
Unused CPU time: 10.2 CPU hours

Memory statistics, in GiB:
ID              Alloc   Usage
4073281          40.0        
4073281.batch    40.0     6.2

Job 4073281 completed at Fri Aug 21 02:49:26 CEST 2026
