Starting job 4073287 on gpu-13 on Fox at Thu Aug 20 23:26:34 CEST 2026

[progress] 20 predictions written
[progress] 40 predictions written
[progress] 60 predictions written
[progress] 80 predictions written
[progress] 100 predictions written
[progress] 120 predictions written
[progress] 140 predictions written
[progress] 160 predictions written
[progress] 180 predictions written
[progress] 200 predictions written
[progress] 220 predictions written
[progress] 240 predictions written
[progress] 260 predictions written
[progress] 280 predictions written
[progress] 300 predictions written
[progress] 320 predictions written
[progress] 340 predictions written
[progress] 360 predictions written
[progress] 380 predictions written
[progress] 400 predictions written
[progress] 420 predictions written
[progress] 440 predictions written
[progress] 460 predictions written
[progress] 480 predictions written
[progress] 500 predictions written
[progress] 520 predictions written
[progress] 540 predictions written
[progress] 560 predictions written
[progress] 580 predictions written
[progress] 600 predictions written
[progress] 620 predictions written
[progress] 640 predictions written
[progress] 660 predictions written
[progress] 680 predictions written
[progress] 700 predictions written
[progress] 720 predictions written
[progress] 740 predictions written
[progress] 760 predictions written
[progress] 780 predictions written
[progress] 800 predictions written
[progress] 820 predictions written
[progress] 840 predictions written
[progress] 860 predictions written
[progress] 880 predictions written
[progress] 900 predictions written
[progress] 920 predictions written
[progress] 940 predictions written
[progress] 960 predictions written
[progress] 980 predictions written
[progress] 1000 predictions written
[progress] 1020 predictions written
[progress] 1040 predictions written
[progress] 1060 predictions written
[progress] 1080 predictions written
[progress] 1100 predictions written
[progress] 1120 predictions written
[progress] 1140 predictions written
[progress] 1160 predictions written
[progress] 1180 predictions written
[progress] 1200 predictions written
[progress] 1220 predictions written
[progress] 1240 predictions written
[progress] 1260 predictions written
[progress] 1280 predictions written
[progress] 1300 predictions written
[progress] 1320 predictions written
[progress] 1340 predictions written
[progress] 1360 predictions written
[progress] 1380 predictions written
[progress] 1400 predictions written
[progress] 1420 predictions written
[progress] 1440 predictions written
[progress] 1460 predictions written
[progress] 1480 predictions written
[progress] 1500 predictions written
[progress] 1520 predictions written
[progress] 1540 predictions written
[progress] 1560 predictions written
[progress] 1580 predictions written
[progress] 1600 predictions written
[progress] 1620 predictions written
[progress] 1640 predictions written
[progress] 1660 predictions written
[progress] 1680 predictions written
[progress] 1700 predictions written
[progress] 1720 predictions written
[progress] 1740 predictions written
[progress] 1760 predictions written
[progress] 1780 predictions written
[progress] 1800 predictions written
[progress] 1820 predictions written
[progress] 1840 predictions written
[progress] 1860 predictions written
[progress] 1880 predictions written
[progress] 1900 predictions written
[progress] 1920 predictions written
[progress] 1940 predictions written
[progress] 1960 predictions written
[progress] 1980 predictions written
[progress] 2000 predictions written
[progress] 2020 predictions written
[progress] 2040 predictions written
Saved conversation log to data/predictions/mistral_7b_cot_sub256_seed4_predictions_conversations.jsonl
Saved predictions to data/predictions/mistral_7b_cot_sub256_seed4_predictions.jsonl

─── role=adult  gold=classical  n=512  acc=0.268  macro_F1=0.246  C_usage=0.184 ───
  Confusion matrix (rows=gold, cols=pred):
        pred=  A  pred=  B  pred=  C   support
  gold=A       27        2        1        30
  gold=B        2       22        5        29
  gold=C      169      194       88       451
                prec    recall        F1
  A(Yes   )     0.136     0.900     0.237
  B(No    )     0.101     0.759     0.178
  C(Cannot)     0.936     0.195     0.323

─── role=adult  gold=wcs  n=512  acc=0.262  macro_F1=0.243  C_usage=0.184 ───
  Confusion matrix (rows=gold, cols=pred):
        pred=  A  pred=  B  pred=  C   support
  gold=A       25        3        3        31
  gold=B        1       25        7        33
  gold=C      172      190       84       446
                prec    recall        F1
  A(Yes   )     0.126     0.806     0.218
  B(No    )     0.115     0.758     0.199
  C(Cannot)     0.894     0.188     0.311

─── role=child  gold=classical  n=512  acc=0.432  macro_F1=0.364  C_usage=0.332 ───
  Confusion matrix (rows=gold, cols=pred):
        pred=  A  pred=  B  pred=  C   support
  gold=A       34        0        1        35
  gold=B        5       24        6        35
  gold=C      161      118      163       442
                prec    recall        F1
  A(Yes   )     0.170     0.971     0.289
  B(No    )     0.169     0.686     0.271
  C(Cannot)     0.959     0.369     0.533

─── role=child  gold=wcs  n=512  acc=0.410  macro_F1=0.349  C_usage=0.332 ───
  Confusion matrix (rows=gold, cols=pred):
        pred=  A  pred=  B  pred=  C   support
  gold=A       28        1        6        35
  gold=B        1       27        9        37
  gold=C      171      114      155       440
                prec    recall        F1
  A(Yes   )     0.140     0.800     0.238
  B(No    )     0.190     0.730     0.302
  C(Cannot)     0.912     0.352     0.508

─── role=none  gold=classical  n=512  acc=0.236  macro_F1=0.222  C_usage=0.158 ───
  Confusion matrix (rows=gold, cols=pred):
        pred=  A  pred=  B  pred=  C   support
  gold=A       27        1        1        29
  gold=B        3       20        6        29
  gold=C      233      147       74       454
                prec    recall        F1
  A(Yes   )     0.103     0.931     0.185
  B(No    )     0.119     0.690     0.203
  C(Cannot)     0.914     0.163     0.277

─── role=none  gold=wcs  n=512  acc=0.246  macro_F1=0.235  C_usage=0.158 ───
  Confusion matrix (rows=gold, cols=pred):
        pred=  A  pred=  B  pred=  C   support
  gold=A       33        4        1        38
  gold=B       10       22        9        41
  gold=C      220      142       71       433
                prec    recall        F1
  A(Yes   )     0.125     0.868     0.219
  B(No    )     0.131     0.537     0.211
  C(Cannot)     0.877     0.164     0.276

─── role=teen  gold=classical  n=512  acc=0.301  macro_F1=0.274  C_usage=0.219 ───
  Confusion matrix (rows=gold, cols=pred):
        pred=  A  pred=  B  pred=  C   support
  gold=A       30        5        2        37
  gold=B        2       24       10        36
  gold=C      172      165      100       437
                prec    recall        F1
  A(Yes   )     0.147     0.811     0.249
  B(No    )     0.124     0.667     0.209
  C(Cannot)     0.893     0.229     0.364

─── role=teen  gold=wcs  n=512  acc=0.279  macro_F1=0.256  C_usage=0.219 ───
  Confusion matrix (rows=gold, cols=pred):
        pred=  A  pred=  B  pred=  C   support
  gold=A       25        3        8        36
  gold=B        2       26       12        40
  gold=C      177      165       92       434
                prec    recall        F1
  A(Yes   )     0.123     0.694     0.208
  B(No    )     0.134     0.650     0.222
  C(Cannot)     0.821     0.212     0.337

Saved metrics to outputs/mistral_7b_cot_sub256_seed4_outputs_log.csv

Job 4073287 consumed 14.7 billing hours from project ec403.

Submitted 2026-08-20T23:26:02; waited 31.0 seconds in the queue after becoming eligible to run.

Requested wallclock time: 2.0 hours
Elapsed wallclock time:   46.6 minutes

Job exited normally.

Task and CPU statistics:
ID             CPUs  Tasks  CPU util                Start   Elapsed  Exit status
4073287           4            0.0 %  2026-08-20T23:26:33  2794.0 s  0
4073287.batch     4      1    24.6 %  2026-08-20T23:26:33  2794.0 s  0

Used CPU time:   45.8 CPU minutes
Unused CPU time: 2.3 CPU hours

Memory statistics, in GiB:
ID              Alloc   Usage
4073287          40.0        
4073287.batch    40.0    14.7

Job 4073287 completed at Fri Aug 21 00:13:08 CEST 2026
