Starting job 4073286 on gpu-12 on Fox at Thu Aug 20 23:26:03 CEST 2026

[progress] 20 predictions written
[progress] 40 predictions written
[progress] 60 predictions written
[progress] 80 predictions written
[progress] 100 predictions written
[progress] 120 predictions written
[progress] 140 predictions written
[progress] 160 predictions written
[progress] 180 predictions written
[progress] 200 predictions written
[progress] 220 predictions written
[progress] 240 predictions written
[progress] 260 predictions written
[progress] 280 predictions written
[progress] 300 predictions written
[progress] 320 predictions written
[progress] 340 predictions written
[progress] 360 predictions written
[progress] 380 predictions written
[progress] 400 predictions written
[progress] 420 predictions written
[progress] 440 predictions written
[progress] 460 predictions written
[progress] 480 predictions written
[progress] 500 predictions written
[progress] 520 predictions written
[progress] 540 predictions written
[progress] 560 predictions written
[progress] 580 predictions written
[progress] 600 predictions written
[progress] 620 predictions written
[progress] 640 predictions written
[progress] 660 predictions written
[progress] 680 predictions written
[progress] 700 predictions written
[progress] 720 predictions written
[progress] 740 predictions written
[progress] 760 predictions written
[progress] 780 predictions written
[progress] 800 predictions written
[progress] 820 predictions written
[progress] 840 predictions written
[progress] 860 predictions written
[progress] 880 predictions written
[progress] 900 predictions written
[progress] 920 predictions written
[progress] 940 predictions written
[progress] 960 predictions written
[progress] 980 predictions written
[progress] 1000 predictions written
[progress] 1020 predictions written
[progress] 1040 predictions written
[progress] 1060 predictions written
[progress] 1080 predictions written
[progress] 1100 predictions written
[progress] 1120 predictions written
[progress] 1140 predictions written
[progress] 1160 predictions written
[progress] 1180 predictions written
[progress] 1200 predictions written
[progress] 1220 predictions written
[progress] 1240 predictions written
[progress] 1260 predictions written
[progress] 1280 predictions written
[progress] 1300 predictions written
[progress] 1320 predictions written
[progress] 1340 predictions written
[progress] 1360 predictions written
[progress] 1380 predictions written
[progress] 1400 predictions written
[progress] 1420 predictions written
[progress] 1440 predictions written
[progress] 1460 predictions written
[progress] 1480 predictions written
[progress] 1500 predictions written
[progress] 1520 predictions written
[progress] 1540 predictions written
[progress] 1560 predictions written
[progress] 1580 predictions written
[progress] 1600 predictions written
[progress] 1620 predictions written
[progress] 1640 predictions written
[progress] 1660 predictions written
[progress] 1680 predictions written
[progress] 1700 predictions written
[progress] 1720 predictions written
[progress] 1740 predictions written
[progress] 1760 predictions written
[progress] 1780 predictions written
[progress] 1800 predictions written
[progress] 1820 predictions written
[progress] 1840 predictions written
[progress] 1860 predictions written
[progress] 1880 predictions written
[progress] 1900 predictions written
[progress] 1920 predictions written
[progress] 1940 predictions written
[progress] 1960 predictions written
[progress] 1980 predictions written
[progress] 2000 predictions written
[progress] 2020 predictions written
[progress] 2040 predictions written
Saved conversation log to data/predictions/mistral_7b_cot_sub256_seed3_predictions_conversations.jsonl
Saved predictions to data/predictions/mistral_7b_cot_sub256_seed3_predictions.jsonl

─── role=adult  gold=classical  n=512  acc=0.262  macro_F1=0.236  C_usage=0.189 ───
  Confusion matrix (rows=gold, cols=pred):
        pred=  A  pred=  B  pred=  C   support
  gold=A       26        2        2        30
  gold=B        3       20        7        30
  gold=C      175      189       88       452
                prec    recall        F1
  A(Yes   )     0.127     0.867     0.222
  B(No    )     0.095     0.667     0.166
  C(Cannot)     0.907     0.195     0.321

─── role=adult  gold=wcs  n=512  acc=0.268  macro_F1=0.246  C_usage=0.189 ───
  Confusion matrix (rows=gold, cols=pred):
        pred=  A  pred=  B  pred=  C   support
  gold=A       26        2        3        31
  gold=B        2       24        7        33
  gold=C      176      185       87       448
                prec    recall        F1
  A(Yes   )     0.127     0.839     0.221
  B(No    )     0.114     0.727     0.197
  C(Cannot)     0.897     0.194     0.319

─── role=child  gold=classical  n=512  acc=0.432  macro_F1=0.374  C_usage=0.322 ───
  Confusion matrix (rows=gold, cols=pred):
        pred=  A  pred=  B  pred=  C   support
  gold=A       35        0        0        35
  gold=B        2       27        6        35
  gold=C      163      119      159       441
                prec    recall        F1
  A(Yes   )     0.175     1.000     0.298
  B(No    )     0.185     0.771     0.298
  C(Cannot)     0.964     0.361     0.525

─── role=child  gold=wcs  n=512  acc=0.410  macro_F1=0.353  C_usage=0.322 ───
  Confusion matrix (rows=gold, cols=pred):
        pred=  A  pred=  B  pred=  C   support
  gold=A       32        1        2        35
  gold=B        0       26       11        37
  gold=C      168      119      152       439
                prec    recall        F1
  A(Yes   )     0.160     0.914     0.272
  B(No    )     0.178     0.703     0.284
  C(Cannot)     0.921     0.346     0.503

─── role=none  gold=classical  n=512  acc=0.248  macro_F1=0.227  C_usage=0.168 ───
  Confusion matrix (rows=gold, cols=pred):
        pred=  A  pred=  B  pred=  C   support
  gold=A       27        1        1        29
  gold=B        6       19        4        29
  gold=C      225      148       81       454
                prec    recall        F1
  A(Yes   )     0.105     0.931     0.188
  B(No    )     0.113     0.655     0.193
  C(Cannot)     0.942     0.178     0.300

─── role=none  gold=wcs  n=512  acc=0.262  macro_F1=0.247  C_usage=0.168 ───
  Confusion matrix (rows=gold, cols=pred):
        pred=  A  pred=  B  pred=  C   support
  gold=A       34        3        1        38
  gold=B       12       22        7        41
  gold=C      212      143       78       433
                prec    recall        F1
  A(Yes   )     0.132     0.895     0.230
  B(No    )     0.131     0.537     0.211
  C(Cannot)     0.907     0.180     0.301

─── role=teen  gold=classical  n=512  acc=0.297  macro_F1=0.266  C_usage=0.217 ───
  Confusion matrix (rows=gold, cols=pred):
        pred=  A  pred=  B  pred=  C   support
  gold=A       29        7        1        37
  gold=B        5       22        9        36
  gold=C      176      160      101       437
                prec    recall        F1
  A(Yes   )     0.138     0.784     0.235
  B(No    )     0.116     0.611     0.196
  C(Cannot)     0.910     0.231     0.369

─── role=teen  gold=wcs  n=512  acc=0.271  macro_F1=0.246  C_usage=0.217 ───
  Confusion matrix (rows=gold, cols=pred):
        pred=  A  pred=  B  pred=  C   support
  gold=A       23        4        9        36
  gold=B        4       25       11        40
  gold=C      183      160       91       434
                prec    recall        F1
  A(Yes   )     0.110     0.639     0.187
  B(No    )     0.132     0.625     0.218
  C(Cannot)     0.820     0.210     0.334

Saved metrics to outputs/mistral_7b_cot_sub256_seed3_outputs_log.csv

Job 4073286 consumed 15.0 billing hours from project ec403.

Submitted 2026-08-20T23:26:02; waited 1.0 seconds in the queue after becoming eligible to run.

Requested wallclock time: 2.0 hours
Elapsed wallclock time:   47.2 minutes

Job exited normally.

Task and CPU statistics:
ID             CPUs  Tasks  CPU util                Start   Elapsed  Exit status
4073286           4            0.0 %  2026-08-20T23:26:03  2833.0 s  0
4073286.batch     4      1    24.5 %  2026-08-20T23:26:03  2833.0 s  0

Used CPU time:   46.3 CPU minutes
Unused CPU time: 2.4 CPU hours

Memory statistics, in GiB:
ID              Alloc   Usage
4073286          40.0        
4073286.batch    40.0     4.6

Job 4073286 completed at Fri Aug 21 00:13:16 CEST 2026
